Import file=drug_items_import_sample.csv
Added=230, Updated=0, Skipped=0
Row 2: inserted (﻿D000001 / ACYCLOVIR 400 MG TAB)
Row 3: inserted (D000002 / ALBENDAZOLE 200 MG TAB)
Row 4: inserted (D000003 / AMOXICILLIN 500 MG ยาฆ่าเชื้อ TAB)
Row 5: inserted (D000004 / AMOXICILLIN/CLAVULANIC ACID 875/125 MG ยาฆ่าเชื้อ TAB)
Row 6: inserted (D000005 / AZITHROMYCIN 250 MG ยาฆ่าเชื้อ TAB)
Row 7: inserted (D000006 / BETAHISTINE MESILATE 12 MG TAB)
Row 8: inserted (D000007 / BROMPHENIRAMINE + PHENYLEPHRINE4 MG +10 MG TAB TAB)
Row 9: inserted (D000008 / CALCIUM CARBONATE 1500 MG TAB)
Row 10: inserted (D000009 / CAPTOPRIL 25 MG TAB)
Row 11: inserted (D000010 / CETIRIZINE 10 MG TAB)
Row 12: inserted (D000011 / CHLORPHENIRAMINE 4 MG TAB)
Row 13: inserted (D000012 / CIPROFLOXACIN 500 MG ยาฆ่าเชื้อ TAB)
Row 14: inserted (D000013 / CLINDAMYCIN 300 MG ยาฆ่าเชื้อ TAB)
Row 15: inserted (D000014 / COLCHICINE 0.6 MG TAB)
Row 16: inserted (D000015 / CO-TRIMOXAZOLE 800+160 MG (SULFAMETHOXAZOL+TRIMETHOPRIM) TAB ยาฆ่าเชื้อ TAB)
Row 17: inserted (D000016 / DEXTROMETHORPHAN 15 MG TAB)
Row 18: inserted (D000017 / DICLOFENAC 25 MG TAB)
Row 19: inserted (D000018 / DICLOXACILLIN 250 MGยาฆ่าเชื้อ TAB)
Row 20: inserted (D000019 / DIMENHYDRINATE 50 MG TAB)
Row 21: inserted (D000020 / DOMPERIDONE 10 MG TAB)
Row 22: inserted (D000021 / DOXYCYCLINE 100 MG ยาฆ่าเชื้อ TAB)
Row 23: inserted (D000022 / ETHINYLESTRADIOL 30 MCG + LEVONORGESTREL 0.15 MG แผง)
Row 24: inserted (D000023 / FERROUS FUMARATE 200 MG TAB)
Row 25: inserted (D000024 / FOLIC ACID 5 MG TAB)
Row 26: inserted (D000025 / GABAPENTIN 300 MG TAB)
Row 27: inserted (D000026 / GRISEOFULVIN 500 MG ยาฆ่าเชื้อรา TAB)
Row 28: inserted (D000027 / GUAIFENESIN 100 MG TAB)
Row 29: inserted (D000028 / HYDROXYZINE 10 MG TAB)
Row 30: inserted (D000029 / HYOSCINE 10 MG TAB)
Row 31: inserted (D000030 / IBUPROFEN 200 MG TAB)
Row 32: inserted (D000031 / IBUPROFEN 400 MG TAB)
Row 33: inserted (D000032 / ISOSORBIDE DINITRATE 5 MG SL TAB)
Row 34: inserted (D000033 / ITRACONAZOLE 100 MG ยาฆ่าเชื้อรา TAB)
Row 35: inserted (D000034 / METRONIDAZOLE 200 MG TAB)
Row 36: inserted (D000035 / MULTIVITAMIN TAB)
Row 37: inserted (D000036 / NORFLOXACIN 400 MG ยาฆ่าเชื้อ TAB)
Row 38: inserted (D000037 / OFLOXACIN 200 MG ยาฆ่าเชื้อ TAB)
Row 39: inserted (D000038 / OMEPRAZOLE 20 MG TAB)
Row 40: inserted (D000039 / ORPHENADRINE 35 MG+PARACETAMOL 500 MG TAB)
Row 41: inserted (D000040 / ORS ADULT ซอง)
Row 42: inserted (D000041 / ORS PED ซอง)
Row 43: inserted (D000042 / PARACETAMOL 325 MG TAB)
Row 44: inserted (D000043 / PARACETAMOL 500 MG TAB)
Row 45: inserted (D000044 / PREDNISOLONE 5 MG TAB)
Row 46: inserted (D000045 / ROXITHROMYCIN 150 MG ยาฆ่าเชื้อ TAB)
Row 47: inserted (D000046 / SALBUTAMOL 2 MG TAB)
Row 48: inserted (D000047 / SIMETHICONE 80 MG TAB)
Row 49: inserted (D000048 / SODIUM BICARBONATE 300 MG TAB)
Row 50: inserted (D000049 / THEOPHYLLINE 200 MG TAB)
Row 51: inserted (D000050 / TRAMADOL 50 MG TAB)
Row 52: inserted (D000051 / TRIFERDINE (IODINE+FOLIC+IRON) 30'S TAB)
Row 53: inserted (D000052 / VITAMIN B COMPLEX TAB)
Row 54: inserted (D000053 / VITAMIN B1 100 MG TAB)
Row 55: inserted (D000054 / VITAMIN C 100 MG TAB)
Row 56: inserted (D000055 / ADRENALINE 1MG/ML INJ AMP)
Row 57: inserted (D000056 / ATROPINE SULFATE 0.6MG/ML INJ AMP)
Row 58: inserted (D000057 / CEFTRIAXONE 1 G INJ ยาฆ่าเชื้อ VIAL)
Row 59: inserted (D000058 / CHLORPHENIRAMINE 10 MG/ML INJ AMP)
Row 60: inserted (D000059 / DEXAMETHASONE 4MG/ML INJ AMP)
Row 61: inserted (D000060 / DEXTROSE 50% INJ VIAL)
Row 62: inserted (D000061 / DICLOFENAC 75 MG/3 ML INJ AMP)
Row 63: inserted (D000062 / DIMENHYDRINATE 50 MG/ML INJ AMP)
Row 64: inserted (D000063 / DIPHTHERIA AND TETANUS VACCINE (DT) 0.5 ML/DOSE IN 0.5 ML VIAL)
Row 65: inserted (D000064 / HYOSCINE 20MG/ML INJ AMP)
Row 66: inserted (D000065 / LIDOCAINE 2% 20 ML INJ VIAL)
Row 67: inserted (D000066 / MEDROXYPROGESTERONE 150 MG/3ML INJ VIAL)
Row 68: inserted (D000067 / METOCLOPRAMIDE 10MG/2ML INJ VIAL)
Row 69: inserted (D000068 / OMEPRAZOLE 40 MG INJ VIAL)
Row 70: inserted (D000069 / PCEC(PURIFIED CHICK-EMBRYO CELL RABIES VACCINE) INJ วัคซีนพิษสุนัขบ้า VIAL)
Row 71: inserted (D000070 / TA 10 MG/ML INJ VIAL)
Row 72: inserted (D000071 / ALBENDAZOLE SUSPENSION 400MG/20ML (20 ML) BOT)
Row 73: inserted (D000072 / ALUMINIUM HYDROXIDE+MAGNESIUM HYDROXIDE SUSPENSION 240 ML (ยาน้ำลดกรด-ขับลม) BOT)
Row 74: inserted (D000073 / AMBROXOL 30MG/5ML SYR BOT)
Row 75: inserted (D000074 / AMMONIUM CARBONATE SYR (60ML) BOT)
Row 76: inserted (D000075 / AMOXICILLIN 125MG/5ML SYR ยาฆ่าเชื้อ BOT)
Row 77: inserted (D000076 / BROMPHENIRAMINE + PHENYLEPHRINE2 MG +5 MG SRY BOT)
Row 78: inserted (D000077 / BROWN MIXTURE GPO 60 ML BOT)
Row 79: inserted (D000078 / CARMINATIVE MIXTURE 180 ML BOT)
Row 80: inserted (D000079 / CHLORPHENIRAMINE 2 MG/5 ML SYRUP (60 ML) BOT)
Row 81: inserted (D000080 / CO-TRIMOXAZOLE (SULFAMETHOXAZOL+TRIMETHOPRIM) SYR. ยาฆ่าเชื้อ BOT)
Row 82: inserted (D000081 / DICLOXACILLIN 62.5MG/5ML SYR ยาฆ่าเชื้อ BOT)
Row 83: inserted (D000082 / DOMPERIDONE 5MG/5ML SYR BOT)
Row 84: inserted (D000083 / ERYTHROMYCIN 125MG/5ML SYR ยาฆ่าเชื้อ BOT)
Row 85: inserted (D000084 / FERROUS FUMARATE 15MG/0.6ML DROP BOT)
Row 86: inserted (D000085 / GUAIFENESIN SYRUP 100 MG/5 ML (60 ML) BOT)
Row 87: inserted (D000086 / HYOSCINE 5MG/5ML SYR BOT)
Row 88: inserted (D000087 / IBUPROFEN 100 MG/ 5ML SYR BOT)
Row 89: inserted (D000088 / LACTULOSE 100 ML SYR ยาระบาย BOT)
Row 90: inserted (D000089 / MOM (MILK OF MAGNESIA) SUSPENSION ยาระบาย BOT)
Row 91: inserted (D000090 / MULTIVITAMIN SYR BOT)
Row 92: inserted (D000091 / PARACETAMOL 120 ML/5 MG SYR BOT)
Row 93: inserted (D000092 / PARACETAMOL 60MG/0.6ML DROP BOT)
Row 94: inserted (D000093 / PODOPHYLLINE SOLUTION (ยาป้ายหูด/หูดหงอนไก่) BOT)
Row 95: inserted (D000094 / SALBUTAMOL 2 MG/5ML SYR BOT)
Row 96: inserted (D000095 / SIMETHICONE DROP (ยาขับลมเด็ก) BOT)
Row 97: inserted (D000096 / D5S 1000 ML BOT)
Row 98: inserted (D000097 / D5S/2 1000 ML BOT)
Row 99: inserted (D000098 / D5W 100 ML BOT)
Row 100: inserted (D000099 / NSS 100 ML INJ BOT)
Row 101: inserted (D000100 / NSS 1000 ML INJ BOT)
Row 102: inserted (D000101 / NSS IRRIGATE 1000 ML BOT)
Row 103: inserted (D000102 / STERILE WATER FOR INJECTION 10 ML BOT)
Row 104: inserted (D000103 / WATER FOR IRRIGATION 1000 ML BOT)
Row 105: inserted (D000104 / 0.1% TA LOTION 30 ML BOT)
Row 106: inserted (D000105 / 0.5% TETRACAIN HCL EYE DROP (ยาชาหยอดตา) BOT)
Row 107: inserted (D000106 / ACYCLOVIR 5% CREAM 1 G ซอง)
Row 108: inserted (D000107 / ANTAZOLINE HYDROCHLORIDE +TETRYZOLINE HYDROCHLORIDE EYE DROP (0.5 MG+0.4 MG)/1 ML(10 ML) (สูตรHISTA-OPH) BOT)
Row 109: inserted (D000108 / AROMATIC AMMONIA 450 ML BOT)
Row 110: inserted (D000109 / 0.3% HYPROMELLOSE EYE DROP (น้ำตาเทียม) BOT)
Row 111: inserted (D000110 / BENZYL BENZOATE 25% 60 ML BOT)
Row 112: inserted (D000111 / BETAMETHASONE 5 G CREAM TUBE)
Row 113: inserted (D000112 / BUDESONIDE 200 MCG MDIยาสูดพ่น TUBE)
Row 114: inserted (D000113 / CALAMINE LOTION 60 ML BOT)
Row 115: inserted (D000114 / CHLORAMPHENICOL EYE DROP 5 MG/1 ML (10 ML) BOT)
Row 116: inserted (D000115 / CHLORHEXIDINE MOUTH WASH BOT)
Row 117: inserted (D000116 / CHLORHEXIDINE SCRUB 450 ML BOT)
Row 118: inserted (D000117 / CLOTRIMAZOLE 500 MG VAGINAL SUPPO (ยาเหน็บฆ่าเชื้อรา) TAB)
Row 119: inserted (D000118 / CLOTRIMAZOLE CREAM 1% 15 G TUBE)
Row 120: inserted (D000119 / DEXAMETHASONE SODIUM PHOSPHATE + NEOMYCIN SULFATE EYE DROP (DEX-OPH) BOT)
Row 121: inserted (D000120 / DOCUSATE SODIUM 0.5% 15 ML (ยาละลายขี้หู) BOT)
Row 122: inserted (D000121 / ETHANOL 70% 450 ML BOT)
Row 123: inserted (D000122 / ETHANOL 70% 60 ML BOT)
Row 124: inserted (D000123 / Hydrocortisone + Benzocaine +Zinc oxide suppository (ยาเหน็บรักษาริดสีดวง))
Row 125: inserted (D000124 / HYDROGEN PEROXIDE 450 ML BOT)
Row 126: inserted (D000125 / IPRATROPIUM + FENOTEROL 200 DOSE MDI ยาลูดพ่น TUBE)
Row 127: inserted (D000126 / NEOMYCIN SULFATE+POLYMYXIN B SULFATE+GRAMICIDIN EYE DROP (2 MG+5,000IU+25 MCG)/1 ML (POLY-OPH) BOT)
Row 128: inserted (D000127 / OXYTETRACYCLINE 3.5 G+POLYMYXIN B OINT (ยาป้ายตาฆ่าเชื้อ) TUBE)
Row 129: inserted (D000128 / POVIDINE 10% 15 ML BOT)
Row 130: inserted (D000129 / POVIDINE 10% 450 ML BOT)
Row 131: inserted (D000130 / POVIDINE SCRUB 7.5% 450 ML BOT)
Row 132: inserted (D000131 / SALBUTAMOL 0.1 MG/DOSE MDI ยาสูดพ่น TUBE)
Row 133: inserted (D000132 / SALBUTAMOL 0.5% SOLUTION BOT)
Row 134: inserted (D000133 / SALMETEROL + FLUTICASONE (25 MCG+125 MCG)/1 DOSE MDI ยาสูดพ่น TUBE)
Row 135: inserted (D000134 / SILVER SULFADIAZINE 500 G BOT)
Row 136: inserted (D000135 / SILVER SULFADIAZINE CREAM 25 G TUBE)
Row 137: inserted (D000136 / TA 0.02% CREAM 5 G TUBE)
Row 138: inserted (D000137 / TA 0.1% CREAM 5 G TUBE)
Row 139: inserted (D000138 / TRIAMCINOLONE ORAL PASTE 1 G ซอง)
Row 140: inserted (D000139 / WHITFIELD OINT 15 G (ยารักษากลากเกลื้อน) TUBE)
Row 141: inserted (D000140 / ขมิ้นชัน 500 MG TAB)
Row 142: inserted (D000141 / เถาวัลย์เปรียง 500 MG TAB)
Row 143: inserted (D000142 / ยามะขามแขก TAB)
Row 144: inserted (D000143 / ฟ้าทะลายโจร 500 MG TAB)
Row 145: inserted (D000144 / ยาแคปซูลเพชรสังฆาต TAB)
Row 146: inserted (D000145 / ยาชงหญ้าดอกขาว 2 G ซอง)
Row 147: inserted (D000146 / ยาชงหญ้าหนวดแมว 2 G ซอง)
Row 148: inserted (D000147 / ยาธาตุอบเชย 120 ML BOT)
Row 149: inserted (D000148 / ยาน้ำแก้ไอมะขามป้อม 120 ML BOT)
Row 150: inserted (D000149 / ยาไพล TUBE)
Row 151: inserted (D000150 / ยาเหลืองปิดสมุทร CAP)
Row 152: inserted (D000151 / ยาอมมะแว้ง รสบ๊วย ซอง)
Row 153: inserted (D000152 / ยาชงรางจืด 2 G ซอง)
Row 154: inserted (D000153 / ยาสหัสธารา 500 MG CAP)
Row 155: inserted (D000154 / ALLOPURINOL 100 MG TAB)
Row 156: inserted (D000155 / AMILORIDE HYDROCHLORIDE+HCTZ (5+50MG) MODURETIC TAB)
Row 157: inserted (D000156 / AMLODIPINE 10 MG TAB)
Row 158: inserted (D000157 / AMLODIPINE 5 MG TAB)
Row 159: inserted (D000158 / ASPIRIN 81 MG TAB)
Row 160: inserted (D000159 / ATENOLOL 50 MG TAB)
Row 161: inserted (D000160 / ATORVASTATIN 40 MG TAB)
Row 162: inserted (D000161 / CLOPIDOGREL 75 MG TAB)
Row 163: inserted (D000162 / DOXAZOSIN 2 MG TAB)
Row 164: inserted (D000163 / ENALAPRIL 20 MG TAB)
Row 165: inserted (D000164 / ENALAPRIL 5 MG TAB)
Row 166: inserted (D000165 / FENOFIBRATE 200 MG CAP)
Row 167: inserted (D000166 / FINASTERIDE 5 MG (ยารักษาต่อมลูกหมาก) TAB)
Row 168: inserted (D000167 / FUROSEMIDE 40 MG TAB)
Row 169: inserted (D000168 / GEMFIBROZIL 300 MG TAB)
Row 170: inserted (D000169 / GLIPIZIDE 5 MG TAB)
Row 171: inserted (D000170 / HYDRALAZINE 25 MG TAB)
Row 172: inserted (D000171 / HYDROCHLOROTHIAZIDE 25 MG TAB)
Row 173: inserted (D000172 / INSULIN 70/30 100U/ML(10ML) BOT)
Row 174: inserted (D000173 / INSULIN NPH 100U/ML(10ML) BOT)
Row 175: inserted (D000174 / INSULIN RI 100 IU/ML 10 ML VIAL)
Row 176: inserted (D000175 / LEVOTHYROXINE 0.1 MG TAB)
Row 177: inserted (D000176 / LOSARTAN 50 MG TAB)
Row 178: inserted (D000177 / MANIDIPINE 20 MG TAB)
Row 179: inserted (D000178 / METFORMIN 500 MG TAB)
Row 180: inserted (D000179 / METHIMAZOLE 5 MG TAB)
Row 181: inserted (D000180 / METOPROLOL 100 MG TAB)
Row 182: inserted (D000181 / NIFEDIPINE SR 20 MG TAB)
Row 183: inserted (D000182 / PIOGLITAZONE 30 MG TAB)
Row 184: inserted (D000183 / PROPANOLOL 10 MG TAB)
Row 185: inserted (D000184 / PROPYLTHIOURACIL 50 MG TAB)
Row 186: inserted (D000185 / SIMVASTATIN 20 MG TAB)
Row 187: inserted (D000186 / SIMVASTATIN 40 MG TAB)
Row 188: inserted (D000187 / SPIRONOLACTONE 25 MG TAB)
Row 189: inserted (D000188 / AMITRIPTYLINE 10 MG TAB)
Row 190: inserted (D000189 / AMITRIPTYLINE 25 MG TAB)
Row 191: inserted (D000190 / FLUOXETINE 20 MG CAP)
Row 192: inserted (D000191 / IMIPRAMINE HCL 25 MG TAB)
Row 193: inserted (D000192 / SERTRALINE 50 MG TAB)
Row 194: inserted (D000193 / TRAZODONE 50 MG TAB)
Row 195: inserted (D000194 / CHLORPROMAZINE 100 MG TAB)
Row 196: inserted (D000195 / CHLORPROMAZINE 25 MG TAB)
Row 197: inserted (D000196 / CLOZAPINE 100 MG TAB)
Row 198: inserted (D000197 / CLOZAPINE 25 MG TAB)
Row 199: inserted (D000198 / FLUPHENAZINE DECANOATE 25 MG INJ AMP)
Row 200: inserted (D000199 / HALOPERIDOL 0.5 MG TAB)
Row 201: inserted (D000200 / HALOPERIDOL 2 MG TAB)
Row 202: inserted (D000201 / HALOPERIDOL 5 MG TAB)
Row 203: inserted (D000202 / HALOPERIDOL 50 MG/ML INJ AMP)
Row 204: inserted (D000203 / PERPHENAZINE 4 MG TAB)
Row 205: inserted (D000204 / RISPERIDONE 1 MG TAB)
Row 206: inserted (D000205 / RISPERIDONE 2 MG TAB)
Row 207: inserted (D000206 / THIORIDAZINE 50 MG TAB)
Row 208: inserted (D000207 / TRIFLUOPERAZINE 5 MG TAB)
Row 209: inserted (D000208 / LITHIUM CARBONATE 300 MG TAB)
Row 210: inserted (D000209 / SODIUM VALPROATE 200 MG EC TAB)
Row 211: inserted (D000210 / TRIHEXYPHENIDYL 2 MG TAB)
Row 212: inserted (D000211 / DIPOTASSIUM CLORAZEPATE 5 MG TAB)
Row 213: inserted (D000212 / CARBAMAZEPINE 200 MG TAB)
Row 214: inserted (D000213 / PHENYTOIN 100 MG TAB)
Row 215: inserted (D000214 / CLONAZEPAM 0.5 MG (วัตถุออกฤทธิ์ประเภท4) TAB)
Row 216: inserted (D000215 / CLONAZEPAM 2 MG (วัตถุออกฤทธิ์ประเภท4) TAB)
Row 217: inserted (D000216 / DIAZEPAM 10MG/2ML INJ (วัตถุออกฤทธิ์ประเภท4) AMP)
Row 218: inserted (D000217 / DIAZEPAM 2 MG (วัตถุออกฤทธิ์ประเภท4) TAB)
Row 219: inserted (D000218 / DIAZEPAM 5 MG (วัตถุออกฤทธิ์ประเภท4) TAB)
Row 220: inserted (D000219 / LORAZEPAM 0.5 MG (วัตถุออกฤทธิ์ประเภท4) TAB)
Row 221: inserted (D000220 / LORAZEPAM 2 MG (วัตถุออกฤทธิ์ประเภท4) TAB)
Row 222: inserted (D000221 / PHENOBARBITAL 60 MG (วัตถุออกฤทธิ์ประเภท4) TAB)
Row 223: inserted (D000222 / MUPIROCIN 5 GM TUBE)
Row 224: inserted (D000223 / ยาขิง)
Row 225: inserted (D000224 / Propanolol 40 mg)
Row 226: inserted (D000225 / ยาปราบชมพูทวีป 500 mg)
Row 227: inserted (D000226 / ยาพญายอครีม 5 gm.)
Row 228: inserted (D000227 / ยาว่านหางจระเข้ 30 gm.)
Row 229: inserted (D000228 / Etonogestrel 68 mg implant (ยาคุมกำเนิดแบบฝัง))
Row 230: inserted (D000229 / Oseltramivir 75 mg (ยาต้ามไวรัสไข้หวัดใหญ่))
Row 231: inserted (D000230 / ลูกประคบ 200 gm.)